\BOOKMARK [1][-]{section.1}{\376\377\000I\000n\000t\000r\000o\000d\000u\000\347\000\343\000o}{}% 1
\BOOKMARK [1][-]{section.2}{\376\377\000D\000a\000d\000o\000s}{}% 2
\BOOKMARK [1][-]{section.3}{\376\377\000M\000e\000t\000o\000d\000o\000l\000o\000g\000i\000a}{}% 3
\BOOKMARK [2][-]{subsection.3.1}{\376\377\000P\000r\000\351\000-\000p\000r\000o\000c\000e\000s\000s\000a\000m\000e\000n\000t\000o}{section.3}% 4
\BOOKMARK [3][-]{subsubsection.3.1.1}{\376\377\000P\000r\000\351\000-\000p\000r\000o\000c\000e\000s\000s\000a\000m\000e\000n\000t\000o\000:\000\040\000d\000o\000\040\000v\000\355\000d\000e\000o\000\040\000p\000a\000r\000a\000\040\000i\000m\000a\000g\000e\000m}{subsection.3.1}% 5
\BOOKMARK [3][-]{subsubsection.3.1.2}{\376\377\000P\000r\000\351\000-\000p\000r\000o\000c\000e\000s\000s\000a\000m\000e\000n\000t\000o\000:\000\040\000d\000a\000\040\000i\000m\000a\000g\000e\000m\000\040\000p\000a\000r\000a\000\040\000a\000\040\000Y\000O\000L\000O}{subsection.3.1}% 6
\BOOKMARK [3][-]{subsubsection.3.1.3}{\376\377\000P\000r\000\351\000-\000p\000r\000o\000c\000e\000s\000s\000a\000m\000e\000n\000t\000o\000:\000\040\000a\000u\000m\000e\000n\000t\000a\000\347\000\343\000o\000\040\000d\000e\000\040\000d\000a\000d\000o\000s}{subsection.3.1}% 7
\BOOKMARK [3][-]{subsubsection.3.1.4}{\376\377\000P\000r\000\351\000-\000p\000r\000o\000c\000e\000s\000s\000a\000m\000e\000n\000t\000o\000:\000\040\000d\000i\000s\000c\000u\000s\000s\000\343\000o\000\040\000p\000r\000e\000l\000i\000m\000i\000n\000a\000r}{subsection.3.1}% 8
\BOOKMARK [2][-]{subsection.3.2}{\376\377\000M\000o\000d\000e\000l\000o\000,\000\040\000o\000t\000i\000m\000i\000z\000a\000d\000o\000r\000\040\000e\000\040\000f\000u\000n\000\347\000\343\000o\000\040\000d\000e\000\040\000p\000e\000r\000d\000a}{section.3}% 9
\BOOKMARK [3][-]{subsubsection.3.2.1}{\376\377\000M\000o\000d\000e\000l\000o}{subsection.3.2}% 10
\BOOKMARK [3][-]{subsubsection.3.2.2}{\376\377\000O\000t\000i\000m\000i\000z\000a\000d\000o\000r}{subsection.3.2}% 11
\BOOKMARK [3][-]{subsubsection.3.2.3}{\376\377\000F\000u\000n\000\347\000\343\000o\000\040\000d\000e\000\040\000p\000e\000r\000d\000a}{subsection.3.2}% 12
\BOOKMARK [1][-]{section.4}{\376\377\000R\000e\000s\000u\000l\000t\000a\000d\000o\000s}{}% 13
\BOOKMARK [2][-]{subsection.4.1}{\376\377\000T\000r\000e\000i\000n\000a\000m\000e\000n\000t\000o\000\040\0001\000\040\000\050\000i\000n\000g\000\352\000n\000u\000o\000\051}{section.4}% 14
\BOOKMARK [2][-]{subsection.4.2}{\376\377\000T\000r\000e\000i\000n\000a\000m\000e\000n\000t\000o\000\040\0002}{section.4}% 15
\BOOKMARK [2][-]{subsection.4.3}{\376\377\000T\000r\000e\000i\000n\000a\000m\000e\000n\000t\000o\000\040\0003}{section.4}% 16
\BOOKMARK [2][-]{subsection.4.4}{\376\377\000T\000r\000e\000i\000n\000a\000m\000e\000n\000t\000o\000\040\0004}{section.4}% 17
\BOOKMARK [2][-]{subsection.4.5}{\376\377\000T\000r\000e\000i\000n\000a\000m\000e\000n\000t\000o\000\040\0005}{section.4}% 18
\BOOKMARK [2][-]{subsection.4.6}{\376\377\000T\000r\000e\000i\000n\000a\000m\000e\000n\000t\000o\000\040\0006\000\040\000\050\000\372\000l\000t\000i\000m\000o\000\051}{section.4}% 19
\BOOKMARK [3][-]{subsubsection.4.6.1}{\376\377\000T\000r\000e\000i\000n\000a\000m\000e\000n\000t\000o\000\040\0006\000\040\000\050\000\372\000l\000t\000i\000m\000o\000\051\000:\000\040\000t\000e\000s\000t\000e}{subsection.4.6}% 20
\BOOKMARK [1][-]{section.5}{\376\377\000D\000i\000s\000c\000u\000s\000s\000\343\000o}{}% 21
\BOOKMARK [1][-]{section.6}{\376\377\000C\000o\000n\000c\000l\000u\000s\000\343\000o}{}% 22
